// Jest Snapshot v1, https://goo.gl/fbAQLP

exports[`Breadcrumbs 1`] = `
<p
  className="breadcrumbs"
>
  <mockConstructor
    to="/"
  >
    Home
  </mockConstructor>
   â†’ 
  <mockConstructor
    to="/articles"
  >
    Articles
  </mockConstructor>
</p>
`;
